> Task :kastor-gen:processor:checkKotlinGradlePluginConfigurationErrors SKIPPED
> Task :kastor-gen:runtime:checkKotlinGradlePluginConfigurationErrors SKIPPED
> Task :rdf:core:checkKotlinGradlePluginConfigurationErrors SKIPPED
> Task :rdf:core:compileKotlin UP-TO-DATE
> Task :rdf:core:compileJava NO-SOURCE
> Task :kastor-gen:runtime:compileKotlin UP-TO-DATE
> Task :kastor-gen:runtime:compileJava NO-SOURCE
> Task :kastor-gen:processor:compileKotlin UP-TO-DATE
> Task :kastor-gen:processor:compileJava NO-SOURCE
> Task :kastor-gen:processor:processResources UP-TO-DATE
> Task :kastor-gen:processor:classes UP-TO-DATE
> Task :kastor-gen:processor:jar UP-TO-DATE
> Task :kastor-gen:processor:compileTestKotlin UP-TO-DATE
> Task :kastor-gen:processor:compileTestJava NO-SOURCE
> Task :kastor-gen:processor:processTestResources NO-SOURCE
> Task :kastor-gen:processor:testClasses UP-TO-DATE
> Task :kastor-gen:runtime:processResources NO-SOURCE
> Task :kastor-gen:runtime:classes UP-TO-DATE
> Task :kastor-gen:runtime:jar UP-TO-DATE
> Task :rdf:core:processResources UP-TO-DATE
> Task :rdf:core:classes UP-TO-DATE
> Task :rdf:core:jar UP-TO-DATE

> Task :kastor-gen:processor:test FAILED

InstanceDslGeneratorTest > generate creates build and instances methods() FAILED
    org.opentest4j.AssertionFailedError at InstanceDslGeneratorTest.kt:354
./gradlew : 
At line:1 char:1
+ ./gradlew :kastor-gen:processor:test --tests "*InstanceDslGeneratorTe ...
+ ~~~~~~~~~~~~~~~~~~~~~~~~~~~~~~~~~~~~~~~~~~~~~~~~~~~~~~~~~~~~~~~~~~~~~
    + CategoryInfo          : NotSpecified: (:String) [], RemoteException
    + FullyQualifiedErrorId : NativeCommandError
 
1 test completed, 1 failed

FAILURE: Build failed with an exception.

* What went wrong:
Execution failed for task ':kastor-gen:processor:test'.
> There were failing tests. See the report at: file:///C:/work/kastor/build/mod
ules/kastor-gen/processor/reports/tests/test/index.html

* Try:
> Run with --scan to get full insights.

BUILD FAILED in 2s
10 actionable tasks: 1 executed, 9 up-to-date
